// Jest Snapshot v1, https://goo.gl/fbAQLP

exports[`passes snapshot test 1`] = `
Object {
  "asFragment": [Function],
  "baseElement": <body>
    <div>
      <div
        class="ProductCard"
      >
        <h1>
          test-name
        </h1>
        <div
          class="ProductCard-details"
        >
          <p
            class="ProductCard-detail"
          >
            <b>
              Price:
            </b>
             
            1.99
          </p>
          <p
            class="ProductCard-detail"
          >
            <b>
              Description:
            </b>
             
            test-description
          </p>
        </div>
        <img
          alt="test-name"
          class="ProductCard-image_url"
          src="https://images.samsung.com/is/image/samsung/latin_en-hd-j4300ah-un32j4300ahxpa-001-front-indigo-blue"
        />
        <div
          class="ProductCard-buttons"
        >
          <button>
            Add to Cart
          </button>
          <button>
            Remove from Cart
          </button>
        </div>
      </div>
    </div>
  </body>,
  "container": <div>
    <div
      class="ProductCard"
    >
      <h1>
        test-name
      </h1>
      <div
        class="ProductCard-details"
      >
        <p
          class="ProductCard-detail"
        >
          <b>
            Price:
          </b>
           
          1.99
        </p>
        <p
          class="ProductCard-detail"
        >
          <b>
            Description:
          </b>
           
          test-description
        </p>
      </div>
      <img
        alt="test-name"
        class="ProductCard-image_url"
        src="https://images.samsung.com/is/image/samsung/latin_en-hd-j4300ah-un32j4300ahxpa-001-front-indigo-blue"
      />
      <div
        class="ProductCard-buttons"
      >
        <button>
          Add to Cart
        </button>
        <button>
          Remove from Cart
        </button>
      </div>
    </div>
  </div>,
  "debug": [Function],
  "findAllByAltText": [Function],
  "findAllByDisplayValue": [Function],
  "findAllByLabelText": [Function],
  "findAllByPlaceholderText": [Function],
  "findAllByRole": [Function],
  "findAllByTestId": [Function],
  "findAllByText": [Function],
  "findAllByTitle": [Function],
  "findByAltText": [Function],
  "findByDisplayValue": [Function],
  "findByLabelText": [Function],
  "findByPlaceholderText": [Function],
  "findByRole": [Function],
  "findByTestId": [Function],
  "findByText": [Function],
  "findByTitle": [Function],
  "getAllByAltText": [Function],
  "getAllByDisplayValue": [Function],
  "getAllByLabelText": [Function],
  "getAllByPlaceholderText": [Function],
  "getAllByRole": [Function],
  "getAllByTestId": [Function],
  "getAllByText": [Function],
  "getAllByTitle": [Function],
  "getByAltText": [Function],
  "getByDisplayValue": [Function],
  "getByLabelText": [Function],
  "getByPlaceholderText": [Function],
  "getByRole": [Function],
  "getByTestId": [Function],
  "getByText": [Function],
  "getByTitle": [Function],
  "queryAllByAltText": [Function],
  "queryAllByDisplayValue": [Function],
  "queryAllByLabelText": [Function],
  "queryAllByPlaceholderText": [Function],
  "queryAllByRole": [Function],
  "queryAllByTestId": [Function],
  "queryAllByText": [Function],
  "queryAllByTitle": [Function],
  "queryByAltText": [Function],
  "queryByDisplayValue": [Function],
  "queryByLabelText": [Function],
  "queryByPlaceholderText": [Function],
  "queryByRole": [Function],
  "queryByTestId": [Function],
  "queryByText": [Function],
  "queryByTitle": [Function],
  "rerender": [Function],
  "unmount": [Function],
}
`;
